// Jest Snapshot v1, https://goo.gl/fbAQLP

exports[`Homepage renders correctly 1`] = `
<h1>
  My Homepage teste
  <button
    className=""
  />
</h1>
`;
